[www.humananatomyillustrations.com/human-anatomy-internal-external-illustration.html]
[backblue.gif]
[fade.gif]
[index.html]
[www.humananatomyillustrations.com/assets/images/favicon.ico]
[www.humananatomyillustrations.com/assets/css/bootstrap.min.css]
[www.humananatomyillustrations.com/assets/css/custom.css]
[www.humananatomyillustrations.com/index.html]
[www.humananatomyillustrations.com/assets/images/demo/ext-image.jpg]
[www.humananatomyillustrations.com/assets/images/logo.jpg]
[www.humananatomyillustrations.com/assets/license.html]
[www.humananatomyillustrations.com/assets/images/index/clickable-human-anatomy-internal-external-parts.jpg]
[www.humananatomyillustrations.com/assets/images/demo/int-image.jpg]
[www.humananatomyillustrations.com/interactive-human-muscular-system-front-back.html]
[www.humananatomyillustrations.com/assets/images/index/human-muscles-front-back.jpg]
[www.humananatomyillustrations.com/interactive-human-anatomy-internal-organs.html]
[www.humananatomyillustrations.com/assets/images/index/general-human-anatomy.jpg]
[www.humananatomyillustrations.com/interactive-human-muscles-illustration.html]
[www.humananatomyillustrations.com/assets/images/index/human-muscles-upper.jpg]
[ajax.googleapis.com/ajax/libs/jquery/1.11.3/jquery.min.js]
[www.humananatomyillustrations.com/assets/js/ext-int.min.js]
[www.humananatomyillustrations.com/human-anatomy-internal-external-illustration.html]
[www.humananatomyillustrations.com/assets/js/bootstrap.min.js]
[www.humananatomyillustrations.com/assets/fonts/glyphicons-halflings-regular.12.delayed]
[www.humananatomyillustrations.com/assets/fonts/glyphicons-halflings-regulard41d.eot]
[www.humananatomyillustrations.com/assets/fonts/glyphicons-halflings-regular.14.delayed]
[www.humananatomyillustrations.com/assets/fonts/glyphicons-halflings-regular.15.delayed]
[www.humananatomyillustrations.com/assets/fonts/glyphicons-halflings-regular.16.delayed]
[www.humananatomyillustrations.com/assets/fonts/glyphicons-halflings-regular.17.delayed]
[www.humananatomyillustrations.com/assets/css/bootstrap.min.css]
[www.humananatomyillustrations.com/assets/images/li-arrow.png]
[www.humananatomyillustrations.com/assets/css/custom.css]
[www.humananatomyillustrations.com/assets/images/index/human-anatomy-internal-external-parts.jpg]
[www.humananatomyillustrations.com/assets/images/index/slider-shadow.png]
[www.humananatomyillustrations.com/assets/images/index/human-muscular-system.jpg]
[www.humananatomyillustrations.com/assets/images/index/responsive-mobile-friendly.jpg]
[www.humananatomyillustrations.com/index.html]
[www.humananatomyillustrations.com/assets/license.html]
[www.humananatomyillustrations.com/assets/images/index/compatible-browsers.jpg]
[www.humananatomyillustrations.com/assets/images/demo/muscles-front-image.png]
[www.humananatomyillustrations.com/assets/images/demo/muscles-back-image.png]
[www.humananatomyillustrations.com/assets/js/muscle2.min.js]
[www.humananatomyillustrations.com/interactive-human-muscular-system-front-back.html]
[www.humananatomyillustrations.com/assets/images/demo/organs-bg.jpg]
[www.humananatomyillustrations.com/assets/js/script1.min.js]
[www.humananatomyillustrations.com/interactive-human-anatomy-internal-organs.html]
[www.humananatomyillustrations.com/assets/images/demo/muscles-image.png]
[www.humananatomyillustrations.com/assets/js/muscle1.min.js]
[www.humananatomyillustrations.com/interactive-human-muscles-illustration.html]
[www.humananatomyillustrations.com/assets/fonts/glyphicons-halflings-regular.html]
[www.humananatomyillustrations.com/assets/fonts/glyphicons-halflings-regulard41d.html]
[www.humananatomyillustrations.com/assets/fonts/glyphicons-halflings-regular-2.html]
[www.humananatomyillustrations.com/assets/fonts/glyphicons-halflings-regular-3.html]
[www.humananatomyillustrations.com/assets/fonts/glyphicons-halflings-regular-4.html]
[www.humananatomyillustrations.com/assets/fonts/glyphicons-halflings-regular-5.html]
